// Vitest Snapshot v1, https://vitest.dev/guide/snapshot.html

exports[`Sidebar > renders correctly with routes 1`] = `
"<nav class="sidenav navbar navbar-vertical navbar-expand-xs border-0 border-radius-xl my-3 fixed-start ms-3 bg-gradient-dark" id="sidenav-main" routes="[object Object],[object Object]">
  <hr class="horizontal light mt-0 mb-2">
  <div class="collapse navbar-collapse w-auto" id="sidenav-collapse-main">
    <ul class="navbar-nav">
      <li to="/" class="nav-item">
        <routerlink class="nav-link text-white" to="/" active-class="bg-gradient-primary active">
          <div class="text-white text-center me-2 d-flex align-items-center justify-content-center"><i class="material-icons opacity-10">dashboard</i></div><span class="nav-link-text ms-1">Dashboard</span>
        </routerlink>
      </li>
      <li to="/holdings" class="nav-item">
        <routerlink class="nav-link text-white" to="/holdings" active-class="bg-gradient-primary active">
          <div class="text-white text-center me-2 d-flex align-items-center justify-content-center"><i class="material-icons opacity-10">wallet</i></div><span class="nav-link-text ms-1">Holdings</span>
        </routerlink>
      </li>
    </ul>
  </div>
</nav>"
`;
